[ORB-SLAM3] solving the global RGB-D trajectory from the complete short-baseline scan
[1/267] RGB-D 17->18: fitness=0.340, rmse=0.3 mm, 2.76s
[2/267] RGB-D 18->19: fitness=0.341, rmse=0.2 mm, 0.18s
[3/267] RGB-D 19->20: fitness=0.351, rmse=0.3 mm, 0.11s
[4/267] RGB-D 20->21: fitness=0.350, rmse=0.4 mm, 0.12s
[5/267] RGB-D 21->22: fitness=0.351, rmse=0.2 mm, 0.11s
[6/267] RGB-D 22->23: fitness=0.356, rmse=0.3 mm, 0.13s
[7/267] RGB-D 23->24: fitness=0.348, rmse=0.4 mm, 0.12s
[8/267] RGB-D 24->25: fitness=0.349, rmse=0.3 mm, 0.13s
[9/267] RGB-D 25->26: fitness=0.348, rmse=0.4 mm, 0.11s
[10/267] RGB-D 26->27: fitness=0.348, rmse=0.4 mm, 0.10s
[11/267] RGB-D 27->28: fitness=0.354, rmse=0.4 mm, 0.12s
[12/267] RGB-D 28->29: fitness=0.362, rmse=0.4 mm, 0.12s
[13/267] RGB-D 29->30: fitness=0.359, rmse=0.3 mm, 0.11s
[14/267] RGB-D 30->31: fitness=0.360, rmse=0.3 mm, 0.10s
[15/267] RGB-D 31->32: fitness=0.364, rmse=0.4 mm, 0.11s
[16/267] RGB-D 32->33: fitness=0.366, rmse=0.4 mm, 0.10s
[17/267] RGB-D 33->34: fitness=0.367, rmse=0.3 mm, 0.10s
[18/267] RGB-D 34->35: fitness=0.366, rmse=0.3 mm, 0.10s
[19/267] RGB-D 35->36: fitness=0.363, rmse=0.3 mm, 0.10s
[20/267] RGB-D 36->37: fitness=0.369, rmse=0.4 mm, 0.09s
[21/267] RGB-D 37->38: fitness=0.369, rmse=0.2 mm, 0.11s
[22/267] RGB-D 38->39: fitness=0.375, rmse=0.4 mm, 0.10s
[23/267] RGB-D 39->40: fitness=0.374, rmse=0.5 mm, 0.10s
[24/267] RGB-D 40->41: fitness=0.368, rmse=0.3 mm, 0.10s
[25/267] RGB-D 41->42: fitness=0.368, rmse=0.3 mm, 0.10s
[26/267] RGB-D 42->43: fitness=0.375, rmse=0.4 mm, 0.10s
[27/267] RGB-D 43->44: fitness=0.386, rmse=0.3 mm, 0.10s
[28/267] RGB-D 44->45: fitness=0.386, rmse=0.4 mm, 0.11s
[29/267] RGB-D 45->46: fitness=0.384, rmse=0.4 mm, 0.11s
[30/267] RGB-D 46->47: fitness=0.376, rmse=0.3 mm, 0.11s
[31/267] RGB-D 47->48: fitness=0.381, rmse=0.5 mm, 0.12s
[32/267] RGB-D 48->49: fitness=0.383, rmse=0.4 mm, 0.11s
[33/267] RGB-D 49->50: fitness=0.385, rmse=0.3 mm, 0.11s
[34/267] RGB-D 50->51: fitness=0.391, rmse=0.3 mm, 0.11s
[35/267] RGB-D 51->52: fitness=0.393, rmse=0.4 mm, 0.11s
[36/267] RGB-D 52->53: fitness=0.389, rmse=0.3 mm, 0.11s
[37/267] RGB-D 53->54: fitness=0.386, rmse=0.4 mm, 0.11s
[38/267] RGB-D 54->55: fitness=0.389, rmse=0.5 mm, 0.11s
[39/267] RGB-D 55->56: fitness=0.397, rmse=0.3 mm, 0.11s
[40/267] RGB-D 56->57: fitness=0.390, rmse=0.2 mm, 0.11s
[41/267] RGB-D 57->58: fitness=0.396, rmse=0.3 mm, 0.12s
[42/267] RGB-D 58->59: fitness=0.395, rmse=0.4 mm, 0.11s
[43/267] RGB-D 59->60: fitness=0.390, rmse=0.3 mm, 0.12s
[44/267] RGB-D 60->61: fitness=0.385, rmse=0.3 mm, 0.11s
[45/267] RGB-D 61->62: fitness=0.388, rmse=0.3 mm, 0.12s
[46/267] RGB-D 62->63: fitness=0.390, rmse=0.4 mm, 0.11s
[47/267] RGB-D 63->64: fitness=0.395, rmse=0.2 mm, 0.11s
[48/267] RGB-D 64->65: fitness=0.390, rmse=0.3 mm, 0.11s
[49/267] RGB-D 65->66: fitness=0.391, rmse=0.3 mm, 0.11s
[50/267] RGB-D 66->67: fitness=0.388, rmse=0.2 mm, 0.10s
[51/267] RGB-D 67->68: fitness=0.384, rmse=0.2 mm, 0.11s
[52/267] RGB-D 68->69: fitness=0.377, rmse=0.3 mm, 0.11s
[53/267] RGB-D 69->70: fitness=0.396, rmse=0.3 mm, 0.11s
[54/267] RGB-D 70->71: fitness=0.393, rmse=0.5 mm, 0.11s
[55/267] RGB-D 71->72: fitness=0.389, rmse=0.2 mm, 0.12s
[56/267] RGB-D 72->73: fitness=0.393, rmse=0.2 mm, 0.11s
[57/267] RGB-D 73->74: fitness=0.386, rmse=0.3 mm, 0.11s
[58/267] RGB-D 74->75: fitness=0.389, rmse=0.3 mm, 0.11s
[59/267] RGB-D 75->76: fitness=0.401, rmse=0.2 mm, 0.10s
[60/267] RGB-D 76->77: fitness=0.394, rmse=0.3 mm, 0.12s
[61/267] RGB-D 77->78: fitness=0.384, rmse=0.2 mm, 0.11s
[62/267] RGB-D 78->79: fitness=0.387, rmse=0.3 mm, 0.11s
[63/267] RGB-D 79->80: fitness=0.386, rmse=0.3 mm, 0.11s
[64/267] RGB-D 80->81: fitness=0.396, rmse=0.3 mm, 0.11s
[65/267] RGB-D 81->82: fitness=0.402, rmse=0.3 mm, 0.11s
[66/267] RGB-D 82->83: fitness=0.394, rmse=0.4 mm, 0.12s
[67/267] RGB-D 83->84: fitness=0.393, rmse=0.3 mm, 0.10s
[68/267] RGB-D 84->85: fitness=0.392, rmse=0.3 mm, 0.12s
[69/267] RGB-D 85->86: fitness=0.407, rmse=0.3 mm, 0.10s
[70/267] RGB-D 86->87: fitness=0.403, rmse=0.3 mm, 0.10s
[71/267] RGB-D 87->88: fitness=0.404, rmse=0.2 mm, 0.10s
[72/267] RGB-D 88->89: fitness=0.396, rmse=0.2 mm, 0.11s
[73/267] RGB-D 89->90: fitness=0.395, rmse=0.3 mm, 0.10s
[74/267] RGB-D 90->91: fitness=0.397, rmse=0.3 mm, 0.11s
[75/267] RGB-D 91->92: fitness=0.396, rmse=0.3 mm, 0.11s
[76/267] RGB-D 92->93: fitness=0.387, rmse=0.3 mm, 0.11s
[77/267] RGB-D 93->94: fitness=0.383, rmse=0.4 mm, 0.11s
[78/267] RGB-D 94->95: fitness=0.375, rmse=0.2 mm, 0.10s
[79/267] RGB-D 95->96: fitness=0.367, rmse=0.4 mm, 0.11s
[80/267] RGB-D 96->97: fitness=0.361, rmse=0.2 mm, 0.10s
[81/267] RGB-D 97->98: fitness=0.367, rmse=0.3 mm, 0.10s
[82/267] RGB-D 98->99: fitness=0.370, rmse=0.2 mm, 0.12s
[83/267] RGB-D 99->100: fitness=0.356, rmse=0.3 mm, 0.11s
[84/267] RGB-D 100->101: fitness=0.350, rmse=0.3 mm, 0.10s
[85/267] RGB-D 101->102: fitness=0.350, rmse=0.2 mm, 0.10s
[86/267] RGB-D 102->103: fitness=0.342, rmse=0.3 mm, 0.10s
[87/267] RGB-D 103->104: fitness=0.337, rmse=0.3 mm, 0.11s
[88/267] RGB-D 104->105: fitness=0.331, rmse=0.3 mm, 0.10s
[89/267] RGB-D 105->106: fitness=0.332, rmse=0.4 mm, 0.11s
[90/267] RGB-D 106->107: fitness=0.331, rmse=0.5 mm, 0.11s
[91/267] RGB-D 107->108: fitness=0.322, rmse=0.4 mm, 0.11s
[92/267] RGB-D 108->109: fitness=0.321, rmse=0.3 mm, 0.11s
[93/267] RGB-D 109->110: fitness=0.324, rmse=0.4 mm, 0.11s
[94/267] RGB-D 110->111: fitness=0.328, rmse=0.3 mm, 0.10s
[95/267] RGB-D 111->112: fitness=0.335, rmse=0.3 mm, 0.10s
[96/267] RGB-D 112->113: fitness=0.329, rmse=0.4 mm, 0.11s
[97/267] RGB-D 113->114: fitness=0.335, rmse=0.3 mm, 0.11s
[98/267] RGB-D 114->115: fitness=0.327, rmse=0.5 mm, 0.11s
[99/267] RGB-D 115->116: fitness=0.330, rmse=0.3 mm, 0.12s
[100/267] RGB-D 116->117: fitness=0.327, rmse=0.3 mm, 0.11s
[101/267] RGB-D 117->118: fitness=0.326, rmse=0.5 mm, 0.11s
[102/267] RGB-D 118->119: fitness=0.328, rmse=0.4 mm, 0.10s
[103/267] RGB-D 119->120: fitness=0.335, rmse=0.4 mm, 0.10s
[104/267] RGB-D 120->121: fitness=0.330, rmse=0.3 mm, 0.11s
[105/267] RGB-D 121->122: fitness=0.346, rmse=0.4 mm, 0.12s
[106/267] RGB-D 122->123: fitness=0.341, rmse=0.4 mm, 0.10s
[107/267] RGB-D 123->124: fitness=0.347, rmse=0.3 mm, 0.11s
[108/267] RGB-D 124->125: fitness=0.344, rmse=0.4 mm, 0.11s
[109/267] RGB-D 125->126: fitness=0.345, rmse=0.4 mm, 0.11s
[110/267] RGB-D 126->127: fitness=0.347, rmse=0.4 mm, 0.10s
[111/267] RGB-D 127->128: fitness=0.337, rmse=0.4 mm, 0.11s
[112/267] RGB-D 128->129: fitness=0.342, rmse=0.3 mm, 0.12s
[113/267] RGB-D 129->130: fitness=0.346, rmse=0.3 mm, 0.11s
[114/267] RGB-D 130->131: fitness=0.336, rmse=0.4 mm, 0.12s
[115/267] RGB-D 131->132: fitness=0.346, rmse=0.3 mm, 0.11s
[116/267] RGB-D 132->133: fitness=0.347, rmse=0.3 mm, 0.11s
[117/267] RGB-D 133->134: fitness=0.341, rmse=0.4 mm, 0.11s
[118/267] RGB-D 134->135: fitness=0.336, rmse=0.4 mm, 0.12s
[119/267] RGB-D 135->136: fitness=0.345, rmse=0.3 mm, 0.10s
[120/267] RGB-D 136->137: fitness=0.344, rmse=0.3 mm, 0.11s
[121/267] RGB-D 137->138: fitness=0.351, rmse=0.3 mm, 0.11s
[122/267] RGB-D 138->139: fitness=0.348, rmse=0.4 mm, 0.11s
[123/267] RGB-D 139->140: fitness=0.349, rmse=0.4 mm, 0.11s
[124/267] RGB-D 140->141: fitness=0.353, rmse=0.3 mm, 0.11s
[125/267] RGB-D 141->142: fitness=0.351, rmse=0.4 mm, 0.11s
[126/267] RGB-D 142->143: fitness=0.355, rmse=0.3 mm, 0.11s
[127/267] RGB-D 143->144: fitness=0.352, rmse=0.3 mm, 0.10s
[128/267] RGB-D 144->145: fitness=0.350, rmse=0.6 mm, 0.10s
[129/267] RGB-D 145->146: fitness=0.364, rmse=0.3 mm, 0.11s
[130/267] RGB-D 146->147: fitness=0.366, rmse=0.3 mm, 0.11s
[131/267] RGB-D 147->148: fitness=0.354, rmse=0.3 mm, 0.11s
[132/267] RGB-D 148->149: fitness=0.357, rmse=0.3 mm, 0.11s
[133/267] RGB-D 149->150: fitness=0.350, rmse=0.3 mm, 0.10s
[134/267] RGB-D 150->151: fitness=0.355, rmse=0.3 mm, 0.11s
[135/267] RGB-D 151->152: fitness=0.351, rmse=0.3 mm, 0.11s
[136/267] RGB-D 152->153: fitness=0.347, rmse=0.4 mm, 0.10s
[137/267] RGB-D 153->154: fitness=0.347, rmse=0.3 mm, 0.10s
[138/267] RGB-D 154->155: fitness=0.360, rmse=0.3 mm, 0.11s
[139/267] RGB-D 155->156: fitness=0.357, rmse=0.5 mm, 0.11s
[140/267] RGB-D 156->157: fitness=0.354, rmse=0.3 mm, 0.12s
[141/267] RGB-D 157->158: fitness=0.350, rmse=0.4 mm, 0.11s
[142/267] RGB-D 158->159: fitness=0.351, rmse=0.3 mm, 0.11s
[143/267] RGB-D 159->160: fitness=0.347, rmse=0.6 mm, 0.12s
[144/267] RGB-D 160->161: fitness=0.346, rmse=0.3 mm, 0.12s
[145/267] RGB-D 161->162: fitness=0.347, rmse=0.4 mm, 0.12s
[146/267] RGB-D 162->163: fitness=0.344, rmse=0.3 mm, 0.10s
[147/267] RGB-D 163->164: fitness=0.348, rmse=0.3 mm, 0.11s
[148/267] RGB-D 164->165: fitness=0.345, rmse=0.3 mm, 0.11s
[149/267] RGB-D 165->166: fitness=0.348, rmse=0.3 mm, 0.10s
[150/267] RGB-D 166->167: fitness=0.347, rmse=0.3 mm, 0.10s
[151/267] RGB-D 167->168: fitness=0.346, rmse=0.3 mm, 0.11s
[152/267] RGB-D 168->169: fitness=0.346, rmse=0.5 mm, 0.11s
[153/267] RGB-D 169->170: fitness=0.350, rmse=0.3 mm, 0.11s
[154/267] RGB-D 170->171: fitness=0.346, rmse=0.3 mm, 0.11s
[155/267] RGB-D 171->172: fitness=0.348, rmse=0.3 mm, 0.11s
[156/267] RGB-D 172->173: fitness=0.340, rmse=0.4 mm, 0.10s
[157/267] RGB-D 173->174: fitness=0.336, rmse=0.3 mm, 0.11s
[158/267] RGB-D 174->175: fitness=0.342, rmse=0.4 mm, 0.10s
[159/267] RGB-D 175->176: fitness=0.344, rmse=0.4 mm, 0.11s
[160/267] RGB-D 176->177: fitness=0.341, rmse=0.3 mm, 0.11s
[161/267] RGB-D 177->178: fitness=0.336, rmse=0.5 mm, 0.11s
[162/267] RGB-D 178->179: fitness=0.336, rmse=0.3 mm, 0.11s
[163/267] RGB-D 179->180: fitness=0.332, rmse=0.5 mm, 0.11s
[164/267] RGB-D 180->181: fitness=0.340, rmse=0.3 mm, 0.11s
[165/267] RGB-D 181->182: fitness=0.341, rmse=0.3 mm, 0.11s
[166/267] RGB-D 182->183: fitness=0.333, rmse=0.5 mm, 0.11s
[167/267] RGB-D 183->184: fitness=0.327, rmse=0.3 mm, 0.10s
[168/267] RGB-D 184->185: fitness=0.334, rmse=0.3 mm, 0.11s
[169/267] RGB-D 185->186: fitness=0.340, rmse=0.3 mm, 0.11s
[170/267] RGB-D 186->187: fitness=0.335, rmse=0.4 mm, 0.11s
[171/267] RGB-D 187->188: fitness=0.343, rmse=0.3 mm, 0.11s
[172/267] RGB-D 188->189: fitness=0.349, rmse=0.3 mm, 0.11s
[173/267] RGB-D 189->190: fitness=0.340, rmse=0.5 mm, 0.10s
[174/267] RGB-D 190->191: fitness=0.351, rmse=0.4 mm, 0.11s
[175/267] RGB-D 191->192: fitness=0.344, rmse=0.5 mm, 0.11s
[176/267] RGB-D 192->193: fitness=0.338, rmse=0.4 mm, 0.11s
[177/267] RGB-D 193->194: fitness=0.333, rmse=0.5 mm, 0.11s
[178/267] RGB-D 194->195: fitness=0.339, rmse=0.3 mm, 0.11s
[179/267] RGB-D 195->196: fitness=0.334, rmse=0.5 mm, 0.10s
[180/267] RGB-D 196->197: fitness=0.335, rmse=0.3 mm, 0.11s
[181/267] RGB-D 197->198: fitness=0.333, rmse=0.5 mm, 0.12s
[182/267] RGB-D 198->199: fitness=0.340, rmse=0.4 mm, 0.10s
[183/267] RGB-D 199->200: fitness=0.339, rmse=0.3 mm, 0.10s
[184/267] RGB-D 200->201: fitness=0.339, rmse=0.3 mm, 0.10s
[185/267] RGB-D 201->202: fitness=0.330, rmse=0.5 mm, 0.11s
[186/267] RGB-D 202->203: fitness=0.336, rmse=0.3 mm, 0.11s
[187/267] RGB-D 203->204: fitness=0.339, rmse=0.3 mm, 0.10s
[188/267] RGB-D 204->205: fitness=0.348, rmse=0.3 mm, 0.10s
[189/267] RGB-D 205->206: fitness=0.358, rmse=0.3 mm, 0.10s
[190/267] RGB-D 206->207: fitness=0.343, rmse=0.4 mm, 0.11s
[191/267] RGB-D 207->208: fitness=0.346, rmse=0.3 mm, 0.12s
[192/267] RGB-D 208->209: fitness=0.350, rmse=0.3 mm, 0.11s
[193/267] RGB-D 209->210: fitness=0.342, rmse=0.3 mm, 0.11s
[194/267] RGB-D 210->211: fitness=0.336, rmse=0.3 mm, 0.10s
[195/267] RGB-D 211->212: fitness=0.338, rmse=0.4 mm, 0.11s
[196/267] RGB-D 212->213: fitness=0.340, rmse=0.3 mm, 0.11s
[197/267] RGB-D 213->214: fitness=0.333, rmse=0.4 mm, 0.11s
[198/267] RGB-D 214->215: fitness=0.333, rmse=0.4 mm, 0.11s
[199/267] RGB-D 215->216: fitness=0.335, rmse=0.3 mm, 0.11s
[200/267] RGB-D 216->217: fitness=0.335, rmse=0.3 mm, 0.10s
[201/267] RGB-D 217->218: fitness=0.341, rmse=0.4 mm, 0.11s
[202/267] RGB-D 218->219: fitness=0.345, rmse=0.3 mm, 0.12s
[203/267] RGB-D 219->220: fitness=0.350, rmse=0.3 mm, 0.11s
[204/267] RGB-D 220->221: fitness=0.340, rmse=0.3 mm, 0.10s
[205/267] RGB-D 221->222: fitness=0.348, rmse=0.5 mm, 0.10s
[206/267] RGB-D 222->223: fitness=0.339, rmse=0.3 mm, 0.10s
[207/267] RGB-D 223->224: fitness=0.337, rmse=0.3 mm, 0.11s
[208/267] RGB-D 224->225: fitness=0.327, rmse=0.5 mm, 0.11s
[209/267] RGB-D 225->226: fitness=0.331, rmse=0.3 mm, 0.10s
[210/267] RGB-D 226->227: fitness=0.331, rmse=0.3 mm, 0.11s
[211/267] RGB-D 227->228: fitness=0.321, rmse=0.5 mm, 0.11s
[212/267] RGB-D 228->229: fitness=0.332, rmse=0.3 mm, 0.10s
[213/267] RGB-D 229->230: fitness=0.326, rmse=0.3 mm, 0.12s
[214/267] RGB-D 230->231: fitness=0.332, rmse=0.3 mm, 0.11s
[215/267] RGB-D 231->232: fitness=0.323, rmse=0.5 mm, 0.10s
[216/267] RGB-D 232->233: fitness=0.324, rmse=0.3 mm, 0.12s
[217/267] RGB-D 233->234: fitness=0.328, rmse=0.3 mm, 0.11s
[218/267] RGB-D 234->235: fitness=0.325, rmse=0.3 mm, 0.11s
[219/267] RGB-D 235->236: fitness=0.325, rmse=0.4 mm, 0.11s
[220/267] RGB-D 236->237: fitness=0.325, rmse=0.3 mm, 0.11s
[221/267] RGB-D 237->238: fitness=0.325, rmse=0.3 mm, 0.11s
[222/267] RGB-D 238->239: fitness=0.334, rmse=0.3 mm, 0.11s
[223/267] RGB-D 239->240: fitness=0.334, rmse=0.3 mm, 0.10s
[224/267] RGB-D 240->241: fitness=0.343, rmse=0.3 mm, 0.11s
[225/267] RGB-D 241->242: fitness=0.336, rmse=0.3 mm, 0.11s
[226/267] RGB-D 242->243: fitness=0.343, rmse=0.4 mm, 0.11s
[227/267] RGB-D 243->244: fitness=0.358, rmse=0.3 mm, 0.11s
[228/267] RGB-D 244->245: fitness=0.360, rmse=0.4 mm, 0.11s
[229/267] RGB-D 245->246: fitness=0.360, rmse=0.3 mm, 0.11s
[230/267] RGB-D 246->247: fitness=0.364, rmse=0.3 mm, 0.12s
[231/267] RGB-D 247->248: fitness=0.361, rmse=0.3 mm, 0.11s
[232/267] RGB-D 248->249: fitness=0.362, rmse=0.2 mm, 0.11s
[233/267] RGB-D 249->250: fitness=0.377, rmse=0.3 mm, 0.11s
[234/267] RGB-D 250->251: fitness=0.387, rmse=0.4 mm, 0.11s
[235/267] RGB-D 251->252: fitness=0.387, rmse=0.2 mm, 0.11s
[236/267] RGB-D 252->253: fitness=0.393, rmse=0.3 mm, 0.11s
[237/267] RGB-D 253->254: fitness=0.394, rmse=0.3 mm, 0.11s
[238/267] RGB-D 254->255: fitness=0.399, rmse=0.4 mm, 0.11s
[239/267] RGB-D 255->256: fitness=0.381, rmse=0.4 mm, 0.10s
[240/267] RGB-D 256->257: fitness=0.385, rmse=0.4 mm, 0.11s
[241/267] RGB-D 257->258: fitness=0.380, rmse=0.3 mm, 0.11s
[242/267] RGB-D 258->259: fitness=0.382, rmse=0.3 mm, 0.11s
[243/267] RGB-D 259->260: fitness=0.379, rmse=0.3 mm, 0.11s
[244/267] RGB-D 260->261: fitness=0.384, rmse=0.2 mm, 0.11s
[245/267] RGB-D 261->262: fitness=0.384, rmse=0.2 mm, 0.11s
[246/267] RGB-D 262->263: fitness=0.381, rmse=0.3 mm, 0.11s
[247/267] RGB-D 263->264: fitness=0.378, rmse=0.3 mm, 0.11s
[248/267] RGB-D 264->265: fitness=0.388, rmse=0.2 mm, 0.11s
[249/267] RGB-D 265->266: fitness=0.385, rmse=0.2 mm, 0.11s
[250/267] RGB-D 266->267: fitness=0.384, rmse=0.3 mm, 0.10s
[251/267] RGB-D 267->268: fitness=0.385, rmse=0.3 mm, 0.12s
[252/267] RGB-D 268->269: fitness=0.381, rmse=0.2 mm, 0.11s
[253/267] RGB-D 269->270: fitness=0.384, rmse=0.2 mm, 0.11s
[254/267] RGB-D 270->271: fitness=0.385, rmse=0.4 mm, 0.11s
[255/267] RGB-D 271->272: fitness=0.392, rmse=0.4 mm, 0.11s
[256/267] RGB-D 272->273: fitness=0.395, rmse=0.3 mm, 0.10s
[257/267] RGB-D 273->274: fitness=0.387, rmse=0.2 mm, 0.12s
[258/267] RGB-D 274->275: fitness=0.394, rmse=0.4 mm, 0.11s
[259/267] RGB-D 275->276: fitness=0.398, rmse=0.2 mm, 0.11s
[260/267] RGB-D 276->277: fitness=0.397, rmse=0.4 mm, 0.11s
[261/267] RGB-D 277->278: fitness=0.402, rmse=0.4 mm, 0.11s
[262/267] RGB-D 278->279: fitness=0.400, rmse=0.3 mm, 0.11s
[263/267] RGB-D 279->280: fitness=0.405, rmse=0.2 mm, 0.11s
[264/267] RGB-D 280->281: fitness=0.409, rmse=0.3 mm, 0.11s
[265/267] RGB-D 281->282: fitness=0.404, rmse=0.3 mm, 0.11s
[266/267] RGB-D 282->283: fitness=0.418, rmse=0.3 mm, 0.11s
[267/267] RGB-D 283->284: fitness=0.418, rmse=0.4 mm, 0.11s
Panorama: D:\central_strip_Panoramic_Camera\new_data\panorama_run_20260730_195816_975\panorama.jpg
Report: D:\central_strip_Panoramic_Camera\new_data\panorama_run_20260730_195816_975\report.json
Processing time: 494.399 s
